package com.android.aconfig.test;


import java.util.Arrays;
import java.util.HashMap;
import java.util.Map;
import java.util.HashSet;
import java.util.List;
import java.util.Set;
import java.util.function.BiPredicate;
import java.util.function.Predicate;
import android.os.Build;
/** @hide */
public class CustomFeatureFlags implements FeatureFlags {

    private BiPredicate<String, Predicate<FeatureFlags>> mGetValueImpl;

    public CustomFeatureFlags(BiPredicate<String, Predicate<FeatureFlags>> getValueImpl) {
        mGetValueImpl = getValueImpl;
    }

    @Override
    public boolean disabledRwExported() {
        return getValue(Flags.FLAG_DISABLED_RW_EXPORTED,
            FeatureFlags::disabledRwExported);
    }

    @Override
    public boolean enabledFixedRoExported() {
        return getValue(Flags.FLAG_ENABLED_FIXED_RO_EXPORTED,
            FeatureFlags::enabledFixedRoExported);
    }

    @Override
    public boolean enabledRoExported() {
        return getValue(Flags.FLAG_ENABLED_RO_EXPORTED,
            FeatureFlags::enabledRoExported);
    }


    protected boolean getValue(String flagName, Predicate<FeatureFlags> getter) {
        return mGetValueImpl.test(flagName, getter);
    }

    public List<String> getFlagNames() {
        return Arrays.asList(
            Flags.FLAG_DISABLED_RW_EXPORTED,
            Flags.FLAG_ENABLED_FIXED_RO_EXPORTED,
            Flags.FLAG_ENABLED_RO_EXPORTED
        );
    }

    private Set<String> mReadOnlyFlagsSet = new HashSet<>(
        Arrays.asList(
            ""
        )
    );

    private Map<String, Boolean> mFinalizedFlags = new HashMap<>(
        Map.ofEntries(
            Map.entry("", false)
        )
    );

    public boolean isFlagFinalized(String flagName) {
        if (!mFinalizedFlags.containsKey(flagName)) {
            return false;
        }
        return mFinalizedFlags.get(flagName);
    }

}
